Thu, 17 Feb 2022 17:39:10 GMT body-parser deprecated undefined extended: provide extended option at app.js:80:38
App listening on port 3000
Connected to MySQL Server!
Executing (default): CREATE TABLE IF NOT EXISTS `users` (`id` INTEGER auto_increment , `nome` VARCHAR(255) NOT NULL, `email` VARCHAR(255), `numero` INTEGER NOT NULL, `password` VARCHAR(255) NOT NULL, `cargo` VARCHAR(255) NOT NULL, `last_login` DATETIME, `status` ENUM('active', 'inactive') DEFAULT 'active', `createdAt` DATETIME NOT NULL, `updatedAt` DATETIME NOT NULL, PRIMARY KEY (`id`)) ENGINE=InnoDB;
Executing (default): SHOW INDEX FROM `users` FROM `AOlZ2PiCPa`
Nice! Database looks fine
events.js:174
      throw er; // Unhandled 'error' event
      ^

Error: Connection lost: The server closed the connection.
    at Protocol.end (/home/soundscout.pt/node_modules/mysql/lib/protocol/Protocol.js:112:13)
    at Socket.<anonymous> (/home/soundscout.pt/node_modules/mysql/lib/Connection.js:94:28)
    at Socket.<anonymous> (/home/soundscout.pt/node_modules/mysql/lib/Connection.js:526:10)
    at Socket.emit (events.js:203:15)
    at endReadableNT (_stream_readable.js:1145:12)
    at process._tickCallback (internal/process/next_tick.js:63:19)
Emitted 'error' event at:
    at Connection._handleProtocolError (/home/soundscout.pt/node_modules/mysql/lib/Connection.js:423:8)
    at Protocol.emit (events.js:198:13)
    at Protocol._delegateError (/home/soundscout.pt/node_modules/mysql/lib/protocol/Protocol.js:398:10)
    at Protocol.end (/home/soundscout.pt/node_modules/mysql/lib/protocol/Protocol.js:116:8)
    at Socket.<anonymous> (/home/soundscout.pt/node_modules/mysql/lib/Connection.js:94:28)
    [... lines matching original stack trace ...]
    at process._tickCallback (internal/process/next_tick.js:63:19)
npm ERR! arg Argument starts with non-ascii dash, this is probably invalid: [ '–production' ]
npm ERR! missing script: start

npm ERR! A complete log of this run can be found in:
npm ERR!     /root/.npm/_logs/2022-02-17T17_43_46_874Z-debug.log
Fri, 26 May 2023 14:21:18 GMT body-parser deprecated undefined extended: provide extended option at app.js:80:39
App listening on port 3000
Connected to MySQL Server!
Executing (default): CREATE TABLE IF NOT EXISTS `users` (`id` INTEGER auto_increment , `nome` VARCHAR(255) NOT NULL, `email` VARCHAR(255), `numero` INTEGER NOT NULL, `password` VARCHAR(255) NOT NULL, `cargo` VARCHAR(255) NOT NULL, `last_login` DATETIME, `status` ENUM('active', 'inactive') DEFAULT 'active', `createdAt` DATETIME NOT NULL, `updatedAt` DATETIME NOT NULL, PRIMARY KEY (`id`)) ENGINE=InnoDB;
Executing (default): SHOW INDEX FROM `users` FROM `soun_final`
Nice! Database looks fine
cookie created successfully
